// Jest Snapshot v1, https://goo.gl/fbAQLP

exports[`Box renders correctly 1`] = `
<div>
  <div
    style={
      Object {
        "backgroundColor": "blue",
        "height": "5em",
        "width": "5em",
      }
    }
  />
  <button
    onClick={[Function]}
  >
    Remove The Box!
  </button>
</div>
`;
